Watching for file changes with StatReloader
Unauthorized: /dashboard/
[29/May/2026 22:52:52] "HEAD /dashboard/ HTTP/1.1" 401 0
/home/cellesstine/Platform/dev/src/apps/dashboard/views.py changed, reloading.
Performing system checks...

System check identified no issues (0 silenced).
May 29, 2026 - 22:52:48
Django version 6.0.5, using settings 'config.settings'
Starting development server at http://127.0.0.1:8000/
Quit the server with CONTROL-C.

WARNING: This is a development server. Do not use it in a production setting. Use a production WSGI or ASGI server instead.
For more information on production servers see: https://docs.djangoproject.com/en/6.0/howto/deployment/
Watching for file changes with StatReloader
/home/cellesstine/Platform/dev/src/apps/jobs/views.py changed, reloading.
Performing system checks...

System check identified no issues (0 silenced).
May 29, 2026 - 22:53:16
Django version 6.0.5, using settings 'config.settings'
Starting development server at http://127.0.0.1:8000/
Quit the server with CONTROL-C.

WARNING: This is a development server. Do not use it in a production setting. Use a production WSGI or ASGI server instead.
For more information on production servers see: https://docs.djangoproject.com/en/6.0/howto/deployment/
Watching for file changes with StatReloader
[29/May/2026 22:53:44] "GET /dashboard/ HTTP/1.1" 200 2394
[29/May/2026 22:53:50] "GET /jobs/applications/ HTTP/1.1" 200 2
[29/May/2026 23:03:12] "GET /dashboard/ HTTP/1.1" 200 2394
Unauthorized: /profile/me/
[29/May/2026 23:04:07] "GET /profile/me/ HTTP/1.1" 401 172
Unauthorized: /profile/me/
[29/May/2026 23:04:07] "GET /profile/me/ HTTP/1.1" 401 172
[29/May/2026 23:04:37] "POST /account/login/ HTTP/1.1" 200 537
[29/May/2026 23:04:38] "GET /jobs/applications/ HTTP/1.1" 200 2
[29/May/2026 23:04:39] "GET /jobs/applications/ HTTP/1.1" 200 2
[29/May/2026 23:04:39] "GET /profile/me/ HTTP/1.1" 200 630
[29/May/2026 23:04:40] "GET /jobs/applications/ HTTP/1.1" 200 2
[29/May/2026 23:04:40] "GET /profile/me/ HTTP/1.1" 200 630
[29/May/2026 23:04:47] "GET /jobs/?status=ACTIVE HTTP/1.1" 200 2
[29/May/2026 23:04:48] "GET /jobs/?status=ACTIVE HTTP/1.1" 200 2
[29/May/2026 23:04:52] "GET /dashboard/ HTTP/1.1" 200 2394
[29/May/2026 23:04:53] "GET /profile/me/ HTTP/1.1" 200 630
[29/May/2026 23:04:53] "GET /dashboard/ HTTP/1.1" 200 2394
[29/May/2026 23:04:54] "GET /profile/me/ HTTP/1.1" 200 630
[29/May/2026 23:04:55] "GET /jobs/applications/?applicant=fc7ee7b1-0157-40e1-8acb-096cc96ca5b4 HTTP/1.1" 200 2
[29/May/2026 23:05:01] "GET /account/security-status/ HTTP/1.1" 200 61
[29/May/2026 23:05:02] "GET /account/security-status/ HTTP/1.1" 200 61
[29/May/2026 23:05:10] "GET /profile/me/ HTTP/1.1" 200 630
[29/May/2026 23:05:12] "GET /profile/me/ HTTP/1.1" 200 630
[29/May/2026 23:05:13] "GET /dashboard/ HTTP/1.1" 200 2394
[29/May/2026 23:05:14] "GET /dashboard/ HTTP/1.1" 200 2394
[29/May/2026 23:06:01] "GET /dashboard/ HTTP/1.1" 200 2394
[29/May/2026 23:06:01] "GET /profile/me/ HTTP/1.1" 200 630
[29/May/2026 23:06:02] "GET /dashboard/ HTTP/1.1" 200 2394
[29/May/2026 23:06:02] "GET /profile/me/ HTTP/1.1" 200 630
[29/May/2026 23:06:03] "GET /jobs/applications/?applicant=fc7ee7b1-0157-40e1-8acb-096cc96ca5b4 HTTP/1.1" 200 2
[29/May/2026 23:06:04] "GET /account/security-status/ HTTP/1.1" 200 61
[29/May/2026 23:06:05] "GET /account/security-status/ HTTP/1.1" 200 61
[29/May/2026 23:06:09] "GET /dashboard/ HTTP/1.1" 200 2394
[29/May/2026 23:06:09] "GET /profile/me/ HTTP/1.1" 200 630
[29/May/2026 23:06:10] "GET /dashboard/ HTTP/1.1" 200 2394
[29/May/2026 23:06:10] "GET /jobs/?status=ACTIVE HTTP/1.1" 200 2
[29/May/2026 23:06:10] "GET /profile/me/ HTTP/1.1" 200 630
[29/May/2026 23:06:11] "GET /jobs/?status=ACTIVE HTTP/1.1" 200 2
[29/May/2026 23:06:12] "GET /dashboard/ HTTP/1.1" 200 2394
[29/May/2026 23:06:13] "GET /dashboard/ HTTP/1.1" 200 2394
[29/May/2026 23:06:20] "GET /profile/me/ HTTP/1.1" 200 630
[29/May/2026 23:06:22] "GET /profile/me/ HTTP/1.1" 200 630
[29/May/2026 23:06:22] "GET /dashboard/ HTTP/1.1" 200 2394
[29/May/2026 23:06:23] "GET /dashboard/ HTTP/1.1" 200 2394
[29/May/2026 23:06:23] "GET /profile/me/ HTTP/1.1" 200 630
[29/May/2026 23:06:24] "GET /profile/me/ HTTP/1.1" 200 630
[29/May/2026 23:06:25] "GET /jobs/applications/?applicant=fc7ee7b1-0157-40e1-8acb-096cc96ca5b4 HTTP/1.1" 200 2
